// Vitest Snapshot v1, https://vitest.dev/guide/snapshot.html

exports[`should display starting status initially 1`] = `
"Please enter your Buttondown API key:

Enter your API key..."
`;

exports[`should persist api key 1`] = `
"âœ“ Successfully configured API key!

To use a different API key, run this command again."
`;
